// Jest Snapshot v1, https://goo.gl/fbAQLP

exports[`Pruebas en <GridItem /> debe de hacer match con el snapshot 1`] = `
<div>
  <div
    class="card"
  >
    <img
      alt="Dark Souls"
      src="https://dark-souls.com/dark-souls.jpg"
    />
    <p>
      Dark Souls
    </p>
  </div>
</div>
`;
